Microchip MPLAB XC8 Compiler V3.10

Linker command line:

-W-3 --edf=c:\PROGRA~1\MICROC~1\xc8\v3.10\pic\dat\20250813170317_en.msgs \
  -cn \
  -h+C:\Users\Rohit Shaw\Downloads\Emertxe Project\Microwave Oven\out\Microwave_Firmware\default.sym \
  --cmf=C:\Users\Rohit Shaw\Downloads\Emertxe Project\Microwave Oven\out\Microwave_Firmware\default.cmf \
  -z -Q16F877A \
  -oC:\Users\ROHITS~1\AppData\Local\Temp\xcAsex0.0\driver_tmp_3.o \
  --defsym=__MPLAB_BUILD=1 --fixupoverflow=error -Mmem.map \
  --md=C:\Users\ROHITS~1\AppData\Local\Temp\xcAsex0.0\driver_tmp_0.dat -E1 \
  -ver=XC8 Compiler -ACODE=00h-07FFhx4 -ASTRCODE=00h-01FFFh \
  -ASTRING=00h-0FFhx32 -ACONST=00h-0FFhx32 -AENTRY=00h-0FFhx32 \
  -ACOMMON=070h-07Fh -ABANK0=020h-06Fh -ABANK1=0A0h-0EFh \
  -ABANK2=0110h-016Fh -ABANK3=0190h-01EFh \
  -ARAM=020h-06Fh,0A0h-0EFh,0110h-016Fh,0190h-01EFh \
  -AABS1=020h-07Fh,0A0h-0EFh,0110h-016Fh,0190h-01EFh -ASFR0=00h-01Fh \
  -ASFR1=080h-09Fh -ASFR2=0100h-010Fh -ASFR3=0180h-018Fh \
  -ACONFIG=02007h-02007h -DCONFIG=2 -AIDLOC=02000h-02003h -DIDLOC=2 \
  -AEEDATA=00h-0FFh/02100h -peeprom_data=EEDATA -DEEDATA=2 -DCODE=2 \
  -DSTRCODE=2 -DSTRING=2 -DCONST=2 -DENTRY=2 \
  -preset_vec=00h,intentry=04h,sivt,init,end_init -ppowerup=CODE \
  -pcinit=CODE -pfunctab=ENTRY -k \
  C:\Users\ROHITS~1\AppData\Local\Temp\xcAsex0.0\driver_tmp_10.o \
  C:\Users\Rohit Shaw\Downloads\Emertxe Project\Microwave Oven\out\Microwave_Firmware\default.o 

Object code version is 3.11

Machine type is 16F877A



                Name                               Link     Load   Length Selector   Space Scale
C:\Users\ROHITS~1\AppData\Local\Temp\xcAsex0.0\driver_tmp_10.o
                end_init                              C        C        3        8       0
                reset_vec                             0        0        3        0       0
                config                             2007     2007        1        0       4
C:\Users\Rohit Shaw\Downloads\Emertxe Project\Microwave Oven\out\Microwave_Firmware\default.o
                cinit                                 F        F       19        8       0
                intentry                              4        4        8        8       0
                config                             2007     2007        1        0       4
                text29                              C6E      C6E       2B     18DC       0
                text28                              C49      C49       25     1892       0
                text27                              D54      D54       36     1AA8       0
                text26                              CF3      CF3       2F     19E6       0
                text25                              B66      B66       11     16CC       0
                text24                              BB6      BB6       1C     176C       0
                text23                              BD2      BD2       1C     17A4       0
                text22                              BEE      BEE       1C     17DC       0
                text21                              D22      D22       32     1A44       0
                text20                              B8B      B8B       15     1716       0
                text19                              EDF      EDF       8A     1DBE       0
                text18                              C0A      C0A       1C     1814       0
                text17                              E19      E19       63     1C32       0
                text16                              DC2      DC2       57     1B84       0
                text15                              4B0      4B0       42        8       0
                text14                              D8A      D8A       38     1B14       0
                text13                              F69      F69       97     1ED2       0
                text12                              770      770       8A      BFC       0
                text11                              C99      C99       2D     1932       0
                text10                              6B9      6B9       B7      BFC       0
                text9                               419      419       97        8       0
                text8                               CC6      CC6       2D     198C       0
                text7                               E7C      E7C       63     1CF8       0
                text6                               4F2      4F2        B        8       0
                text5                               B56      B56       10     16AC       0
                text4                               B77      B77       14     16EE       0
                text3                               BA0      BA0       16     1740       0
                text2                               5FE      5FE       BB      BFC       0
                text1                               C26      C26       23     184C       0
                maintext                             28       28      3F1        8       0
                cstackBANK0                          20       20       1D       20       1
                cstackCOMMON                         70       70        B       70       1
                bssBANK0                             3D       3D        F       20       1
                dataCOMMON                           7B       7B        1       70       1
                stringtext                          500      500       FE        A       0
                strings                             800      800       12     1000       0
                idataCOMMON                         7FA      7FA        1      BFC       0

TOTAL           Name                               Link     Load   Length     Space
        CLASS   CODE           
                end_init                              C        C        3         0
                cinit                                 F        F       19         0
                intentry                              4        4        8         0
                reset_vec                             0        0        3         0
                text29                              C6E      C6E       2B         0
                text28                              C49      C49       25         0
                text27                              D54      D54       36         0
                text26                              CF3      CF3       2F         0
                text25                              B66      B66       11         0
                text24                              BB6      BB6       1C         0
                text23                              BD2      BD2       1C         0
                text22                              BEE      BEE       1C         0
                text21                              D22      D22       32         0
                text20                              B8B      B8B       15         0
                text19                              EDF      EDF       8A         0
                text18                              C0A      C0A       1C         0
                text17                              E19      E19       63         0
                text16                              DC2      DC2       57         0
                text15                              4B0      4B0       42         0
                text14                              D8A      D8A       38         0
                text13                              F69      F69       97         0
                text12                              770      770       8A         0
                text11                              C99      C99       2D         0
                text10                              6B9      6B9       B7         0
                text9                               419      419       97         0
                text8                               CC6      CC6       2D         0
                text7                               E7C      E7C       63         0
                text6                               4F2      4F2        B         0
                text5                               B56      B56       10         0
                text4                               B77      B77       14         0
                text3                               BA0      BA0       16         0
                text2                               5FE      5FE       BB         0
                text1                               C26      C26       23         0
                maintext                             28       28      3F1         0
                idataCOMMON                         7FA      7FA        1         0

        CLASS   STRCODE        
                stringtext                          500      500       FE         0

        CLASS   STRING         
                strings                             800      800       12         0

        CLASS   CONST          

        CLASS   ENTRY          

        CLASS   COMMON         
                cstackCOMMON                         70       70        B         1
                dataCOMMON                           7B       7B        1         1

        CLASS   BANK0          
                cstackBANK0                          20       20       1D         1
                bssBANK0                             3D       3D        F         1

        CLASS   BANK1          

        CLASS   BANK2          

        CLASS   BANK3          

        CLASS   RAM            

        CLASS   ABS1           
                abs_s1                               7E       7E        2         1

        CLASS   SFR0           

        CLASS   SFR1           

        CLASS   SFR2           

        CLASS   SFR3           

        CLASS   CONFIG         
                config                             2007     2007        1         4

        CLASS   IDLOC          

        CLASS   EEDATA         

        CLASS   HEAP           

        CLASS   STACK          



SEGMENTS        Name                           Load    Length   Top    Selector   Space  Class     Delta

                reset_vec                      000000  000003  000003         0       0  CODE        2
                intentry                       000004  0004F9  0004FD         8       0  CODE        2
                cstackBANK0                    000020  00002C  00004C        20       1  BANK0       1
                cstackCOMMON                   000070  00000C  00007C        70       1  COMMON      1
                stringtext                     000500  0000FE  0005FE         A       0  STRCODE     2
                text2                          0005FE  0001FD  0007FB       BFC       0  CODE        2
                strings                        000800  000012  000812      1000       0  STRING      2
                text5                          000B56  000010  000B66      16AC       0  CODE        2
                text25                         000B66  000011  000B77      16CC       0  CODE        2
                text4                          000B77  000014  000B8B      16EE       0  CODE        2
                text20                         000B8B  000015  000BA0      1716       0  CODE        2
                text3                          000BA0  000016  000BB6      1740       0  CODE        2
                text24                         000BB6  00001C  000BD2      176C       0  CODE        2
                text23                         000BD2  00001C  000BEE      17A4       0  CODE        2
                text22                         000BEE  00001C  000C0A      17DC       0  CODE        2
                text18                         000C0A  00001C  000C26      1814       0  CODE        2
                text1                          000C26  000023  000C49      184C       0  CODE        2
                text28                         000C49  000025  000C6E      1892       0  CODE        2
                text29                         000C6E  00002B  000C99      18DC       0  CODE        2
                text11                         000C99  00002D  000CC6      1932       0  CODE        2
                text8                          000CC6  00002D  000CF3      198C       0  CODE        2
                text26                         000CF3  00002F  000D22      19E6       0  CODE        2
                text21                         000D22  000032  000D54      1A44       0  CODE        2
                text27                         000D54  000036  000D8A      1AA8       0  CODE        2
                text14                         000D8A  000038  000DC2      1B14       0  CODE        2
                text16                         000DC2  000057  000E19      1B84       0  CODE        2
                text17                         000E19  000063  000E7C      1C32       0  CODE        2
                text7                          000E7C  000063  000EDF      1CF8       0  CODE        2
                text19                         000EDF  00008A  000F69      1DBE       0  CODE        2
                text13                         000F69  000097  001000      1ED2       0  CODE        2


UNUSED ADDRESS RANGES

        Name                Unused          Largest block    Delta
        BANK0            004C-006F             24           1
        BANK1            00A0-00EF             50           1
        BANK2            0110-016F             60           1
        BANK3            0190-01EF             60           1
        CODE             0003-0003              1           2
                         04FD-04FF              3
                         07FB-07FF              5
                         0812-0B55            344
                         1000-1FFF            800
        COMMON           007C-007D              2           1
        CONST            0003-0003              1           2
                         04FD-04FF              3
                         07FB-07FF              5
                         0812-0B55            100
                         1000-1FFF            100
        EEDATA           2100-21FF            100           2
        ENTRY            0003-0003              1           2
                         04FD-04FF              3
                         07FB-07FF              5
                         0812-0B55            100
                         1000-1FFF            100
        IDLOC            2000-2003              4           2
        RAM              004C-006F             24           1
                         00A0-00EF             50
                         0110-016F             60
                         0190-01EF             60
        SFR0             0000-001F             20           1
        SFR1             0080-009F             20           1
        SFR2             0100-010F             10           1
        SFR3             0180-018F             10           1
        STRCODE          0003-0003              1           2
                         04FD-04FF              3
                         07FB-07FF              5
                         0812-0B55            344
                         1000-1FFF           1000
        STRING           0003-0003              1           2
                         04FD-04FF              3
                         07FB-07FF              5
                         0812-0B55            100
                         1000-1FFF            100

                                  Symbol Table

?___awdiv                                    cstackCOMMON 0072
?___awmod                                    cstackCOMMON 0072
?___lwdiv                                    cstackCOMMON 0072
?___lwmod                                    cstackCOMMON 0072
?___wmul                                     cstackCOMMON 0072
_GIE                                         (abs)        005F
_PEIE                                        (abs)        005E
_PORTD                                       (abs)        0008
_PR2                                         (abs)        0092
_RB0                                         (abs)        0030
_RB1                                         (abs)        0031
_RB2                                         (abs)        0032
_RC2                                         (abs)        003A
_RD0                                         (abs)        0040
_RD1                                         (abs)        0041
_RD2                                         (abs)        0042
_RD3                                         (abs)        0043
_RE1                                         (abs)        0049
_RE2                                         (abs)        004A
_T2CKPS0                                     (abs)        0090
_T2CKPS1                                     (abs)        0091
_TMR2IE                                      (abs)        0461
_TMR2IF                                      (abs)        0061
_TMR2ON                                      (abs)        0092
_TRISB                                       (abs)        0086
_TRISC2                                      (abs)        043A
_TRISD                                       (abs)        0088
_TRISE1                                      (abs)        0449
_TRISE2                                      (abs)        044A
__H__absolute__                              __absolute__ 0000
__Habs1                                      abs1         0000
__Hbank0                                     bank0        0000
__Hbank1                                     bank1        0000
__Hbank2                                     bank2        0000
__Hbank3                                     bank3        0000
__HbssBANK0                                  bssBANK0     0000
__Hcinit                                     cinit        0028
__Hclrtext                                   clrtext      0000
__Hcode                                      code         0000
__Hcommon                                    common       0000
__Hconfig                                    config       2008
__HcstackBANK0                               cstackBANK0  0000
__HcstackCOMMON                              cstackCOMMON 0000
__HdataCOMMON                                dataCOMMON   0000
__Heeprom_data                               eeprom_data  0000
__Hend_init                                  end_init     000F
__Hfunctab                                   functab      0000
__Hheap                                      heap         0000
__HidataCOMMON                               idataCOMMON  0000
__Hinit                                      init         000C
__Hintentry                                  intentry     000C
__Hmaintext                                  maintext     0000
__Hpowerup                                   powerup      0000
__Hram                                       ram          0000
__Hreset_vec                                 reset_vec    0003
__Hsfr0                                      sfr0         0000
__Hsfr1                                      sfr1         0000
__Hsfr2                                      sfr2         0000
__Hsfr3                                      sfr3         0000
__Hsivt                                      sivt         000C
__Hspace_0                                   (abs)        1000
__Hspace_1                                   (abs)        007C
__Hspace_2                                   (abs)        0000
__Hspace_3                                   (abs)        0000
__Hspace_4                                   (abs)        400F
__Hstack                                     stack        0000
__Hstrings                                   strings      0000
__Hstringtext                                stringtext   0000
__Htext                                      text         0000
__L__absolute__                              __absolute__ 0000
__Labs1                                      abs1         0000
__Lbank0                                     bank0        0000
__Lbank1                                     bank1        0000
__Lbank2                                     bank2        0000
__Lbank3                                     bank3        0000
__LbssBANK0                                  bssBANK0     0000
__Lcinit                                     cinit        000F
__Lclrtext                                   clrtext      0000
__Lcode                                      code         0000
__Lcommon                                    common       0000
__Lconfig                                    config       0000
__LcstackBANK0                               cstackBANK0  0000
__LcstackCOMMON                              cstackCOMMON 0000
__LdataCOMMON                                dataCOMMON   0000
__Leeprom_data                               eeprom_data  0000
__Lend_init                                  end_init     000C
__Lfunctab                                   functab      0000
__Lheap                                      heap         0000
__LidataCOMMON                               idataCOMMON  0000
__Linit                                      init         000C
__Lintentry                                  intentry     0004
__Lmaintext                                  maintext     0000
__Lpowerup                                   powerup      0000
__Lram                                       ram          0000
__Lreset_vec                                 reset_vec    0000
__Lsfr0                                      sfr0         0000
__Lsfr1                                      sfr1         0000
__Lsfr2                                      sfr2         0000
__Lsfr3                                      sfr3         0000
__Lsivt                                      sivt         000C
__Lspace_0                                   (abs)        0000
__Lspace_1                                   (abs)        0000
__Lspace_2                                   (abs)        0000
__Lspace_3                                   (abs)        0000
__Lspace_4                                   (abs)        0000
__Lstack                                     stack        0000
__Lstrings                                   strings      0000
__Lstringtext                                stringtext   0000
__Ltext                                      text         0000
__S0                                         (abs)        1000
__S1                                         (abs)        007C
__S3                                         (abs)        0000
___awdiv                                     text17       0E19
___awdiv@counter                             cstackCOMMON 0076
___awdiv@dividend                            cstackCOMMON 0074
___awdiv@divisor                             cstackCOMMON 0072
___awdiv@quotient                            cstackCOMMON 0078
___awdiv@sign                                cstackCOMMON 0077
___awmod                                     text16       0DC2
___awmod@counter                             cstackCOMMON 0076
___awmod@dividend                            cstackCOMMON 0074
___awmod@divisor                             cstackCOMMON 0072
___awmod@sign                                cstackCOMMON 0077
___heap_hi                                   (abs)        0000
___heap_lo                                   (abs)        0000
___int_sp                                    stack        0000
___int_stack_hi                              stack        0000
___int_stack_lo                              stack        0000
___latbits                                   (abs)        0002
___lwdiv                                     text15       04B0
___lwdiv@counter                             cstackCOMMON 0078
___lwdiv@dividend                            cstackCOMMON 0074
___lwdiv@divisor                             cstackCOMMON 0072
___lwdiv@quotient                            cstackCOMMON 0076
___lwmod                                     text14       0D8A
___lwmod@counter                             cstackCOMMON 0076
___lwmod@dividend                            cstackCOMMON 0074
___lwmod@divisor                             cstackCOMMON 0072
___sp                                        stack        0000
___stack_hi                                  stack        0000
___stack_lo                                  stack        0000
___stackhi                                   (abs)        0000
___stacklo                                   (abs)        0000
___wmul                                      text28       0C49
___wmul@multiplicand                         cstackCOMMON 0074
___wmul@multiplier                           cstackCOMMON 0072
___wmul@product                              cstackCOMMON 0076
__end_of___awdiv                             text17       0E7C
__end_of___awmod                             text16       0E19
__end_of___lwdiv                             text15       04F2
__end_of___lwmod                             text14       0DC2
__end_of___wmul                              text28       0C6E
__end_of__initialization                     cinit        0024
__end_of__stringtab                          strings      0812
__end_of_clcd_print                          text26       0D22
__end_of_clcd_putch                          text20       0BA0
__end_of_clcd_write                          text27       0D8A
__end_of_clear_screen                        text25       0B77
__end_of_display_convection_mode_banner      text24       0BD2
__end_of_display_grill_mode_power            text23       0BEE
__end_of_display_micro_mode_power            text22       0C0A
__end_of_display_modes                       text21       0D54
__end_of_display_power_screen                text19       0F69
__end_of_display_preheat_banner              text18       0C26
__end_of_display_preheat_time_remaining      text13       1000
__end_of_display_temp                        text12       07FA
__end_of_display_temp_screen                 text11       0CC6
__end_of_display_time                        text10       0770
__end_of_display_time_remaining              text9        04B0
__end_of_display_time_screen                 text8        0CF3
__end_of_init_clcd                           text6        04FD
__end_of_init_config                         text3        0BB6
__end_of_init_display_controller             text7        0EDF
__end_of_init_matrix_keypad                  text5        0B66
__end_of_init_timer2                         text4        0B8B
__end_of_isr                                 text29       0C99
__end_of_main                                maintext     0419
__end_of_read_matrix_keypad                  text1        0C49
__end_of_scan_keypad                         text2        06B9
__initialization                             cinit        000F
__pbssBANK0                                  bssBANK0     003D
__pcstackBANK0                               cstackBANK0  0020
__pcstackCOMMON                              cstackCOMMON 0070
__pdataCOMMON                                dataCOMMON   007B
__pidataCOMMON                               idataCOMMON  07FA
__pintentry                                  intentry     0004
__pmaintext                                  maintext     0028
__pstrings                                   strings      0800
__pstringtext                                stringtext   0500
__ptext1                                     text1        0C26
__ptext10                                    text10       06B9
__ptext11                                    text11       0C99
__ptext12                                    text12       0770
__ptext13                                    text13       0F69
__ptext14                                    text14       0D8A
__ptext15                                    text15       04B0
__ptext16                                    text16       0DC2
__ptext17                                    text17       0E19
__ptext18                                    text18       0C0A
__ptext19                                    text19       0EDF
__ptext2                                     text2        05FE
__ptext20                                    text20       0B8B
__ptext21                                    text21       0D22
__ptext22                                    text22       0BEE
__ptext23                                    text23       0BD2
__ptext24                                    text24       0BB6
__ptext25                                    text25       0B66
__ptext26                                    text26       0CF3
__ptext27                                    text27       0D54
__ptext28                                    text28       0C49
__ptext29                                    text29       0C6E
__ptext3                                     text3        0BA0
__ptext4                                     text4        0B77
__ptext5                                     text5        0B56
__ptext6                                     text6        04F2
__ptext7                                     text7        0E7C
__ptext8                                     text8        0CC6
__ptext9                                     text9        0419
__stringbase                                 strings      0812
__stringtab                                  strings      0800
_clcd_print                                  text26       0CF3
_clcd_putch                                  text20       0B8B
_clcd_write                                  text27       0D54
_clear_screen                                text25       0B66
_display_convection_mode_banner              text24       0BB6
_display_grill_mode_power                    text23       0BD2
_display_micro_mode_power                    text22       0BEE
_display_modes                               text21       0D22
_display_power_screen                        text19       0EDF
_display_preheat_banner                      text18       0C0A
_display_preheat_time_remaining              text13       0F69
_display_temp                                text12       0770
_display_temp_screen                         text11       0C99
_display_time                                text10       06B9
_display_time_remaining                      text9        0419
_display_time_screen                         text8        0CC6
_init_clcd                                   text6        04F2
_init_config                                 text3        0BA0
_init_display_controller                     text7        0E7C
_init_matrix_keypad                          text5        0B56
_init_timer2                                 text4        0B77
_isr                                         text29       0C6E
_last_total_seconds                          bssBANK0     003D
_main                                        maintext     0028
_nRBPU                                       (abs)        040F
_pos                                         bssBANK0     0044
_read_matrix_keypad                          text1        0C26
_scan_keypad                                 text2        05FE
_temp_digits                                 bssBANK0     0049
_temp_pos                                    bssBANK0     0043
_time_digits                                 bssBANK0     0045
_timer2_counter                              bssBANK0     0041
_total_seconds                               bssBANK0     003F
btemp                                        (abs)        007E
btemp0                                       (abs)        007E
btemp1                                       (abs)        007F
clcd_print@addr                              cstackCOMMON 0078
clcd_print@str                               cstackCOMMON 0076
clcd_putch@addr                              cstackCOMMON 007A
clcd_putch@data                              cstackBANK0  0020
clcd_write@byte                              cstackCOMMON 0075
clcd_write@mode                              cstackCOMMON 0072
display_power_screen@i                       cstackBANK0  0024
display_preheat_time_remaining@min           cstackBANK0  0025
display_preheat_time_remaining@sec           cstackBANK0  0026
display_preheat_time_remaining@total_seconds cstackBANK0  0021
display_temp@cursor_pos                      cstackBANK0  0022
display_temp@temp_digits                     cstackBANK0  0021
display_time@cursor_pos                      cstackBANK0  0022
display_time@time_digits                     cstackBANK0  0021
display_time_remaining@min                   cstackBANK0  0025
display_time_remaining@sec                   cstackBANK0  0026
display_time_remaining@total_seconds         cstackBANK0  0021
end_of_initialization                        cinit        0024
interrupt_function                           intentry     0004
intlevel0                                    functab      0000
intlevel1                                    functab      0000
intlevel2                                    functab      0000
intlevel3                                    functab      0000
intlevel4                                    functab      0000
intlevel5                                    functab      0000
ltemp0a                                      (abs)        0080
main@i                                       cstackBANK0  0035
main@i_150                                   cstackBANK0  0036
main@i_151                                   cstackBANK0  0037
main@i_152                                   cstackBANK0  0038
main@i_158                                   cstackBANK0  0039
main@i_160                                   cstackBANK0  003A
main@key                                     cstackBANK0  003C
main@screen_flag                             cstackBANK0  003B
main@temp_value                              cstackBANK0  0033
read_matrix_keypad@key                       cstackCOMMON 0075
read_matrix_keypad@mode                      cstackCOMMON 0074
read_matrix_keypad@once                      dataCOMMON   007B
reset_vec                                    reset_vec    0000
saved_w                                      (abs)        007E
scan_keypad@i                                cstackCOMMON 0072
start                                        init         000C
start_initialization                         cinit        000F
ttemp0a                                      (abs)        007F
wtemp0                                       (abs)        007E
wtemp0a                                      (abs)        007F


MODULE INFORMATION

Module		Function		Class		Link	Load	Size
C:\Users\Rohit Shaw\Downloads\Emertxe Project\Microwave Oven\main.c
		_main          		CODE           	0028	0000	1009
		_isr           		CODE           	0C6E	0000	43
		_init_config   		CODE           	0BA0	0000	22

C:\Users\Rohit Shaw\Downloads\Emertxe Project\Microwave Oven\main.c estimated size: 1074

c:\PROGRA~1\MICROC~1\xc8\v3.10\pic\sources\c99\common\lwmod.c
		___lwmod       		CODE           	0D8A	0000	56

c:\PROGRA~1\MICROC~1\xc8\v3.10\pic\sources\c99\common\lwmod.c estimated size: 56

c:\PROGRA~1\MICROC~1\xc8\v3.10\pic\sources\c99\common\awmod.c
		___awmod       		CODE           	0DC2	0000	87

c:\PROGRA~1\MICROC~1\xc8\v3.10\pic\sources\c99\common\awmod.c estimated size: 87

c:\PROGRA~1\MICROC~1\xc8\v3.10\pic\sources\c99\common\Umul16.c
		___wmul        		CODE           	0C49	0000	37

c:\PROGRA~1\MICROC~1\xc8\v3.10\pic\sources\c99\common\Umul16.c estimated size: 37

C:\Users\Rohit Shaw\Downloads\Emertxe Project\Microwave Oven\clcd.c
		_clcd_write    		CODE           	0D54	0000	54
		_clcd_print    		CODE           	0CF3	0000	47
		_clcd_putch    		CODE           	0B8B	0000	21
		_init_display_controller		CODE           	0E7C	0000	99
		_init_clcd     		CODE           	04F2	0000	11

C:\Users\Rohit Shaw\Downloads\Emertxe Project\Microwave Oven\clcd.c estimated size: 232

c:\PROGRA~1\MICROC~1\xc8\v3.10\pic\sources\c99\common\lwdiv.c
		___lwdiv       		CODE           	04B0	0000	66

c:\PROGRA~1\MICROC~1\xc8\v3.10\pic\sources\c99\common\lwdiv.c estimated size: 66

c:\PROGRA~1\MICROC~1\xc8\v3.10\pic\sources\c99\common\awdiv.c
		___awdiv       		CODE           	0E19	0000	99

c:\PROGRA~1\MICROC~1\xc8\v3.10\pic\sources\c99\common\awdiv.c estimated size: 99

shared
		__stringtab    		STRING         	0800	0000	18
		__initialization		CODE           	000F	0000	21

shared estimated size: 39

C:\Users\Rohit Shaw\Downloads\Emertxe Project\Microwave Oven\oven.c
		_display_preheat_banner		CODE           	0C0A	0000	28
		_display_time  		CODE           	06B9	0000	183
		_display_temp  		CODE           	0770	0000	138
		_display_modes 		CODE           	0D22	0000	50
		_display_time_screen		CODE           	0CC6	0000	45
		_display_temp_screen		CODE           	0C99	0000	45
		_display_preheat_time_remaining		CODE           	0F69	0000	151
		_display_power_screen		CODE           	0EDF	0000	138
		_display_convection_mode_banner		CODE           	0BB6	0000	28
		_clear_screen  		CODE           	0B66	0000	17
		_display_time_remaining		CODE           	0419	0000	151
		_display_grill_mode_power		CODE           	0BD2	0000	28
		_display_micro_mode_power		CODE           	0BEE	0000	28

C:\Users\Rohit Shaw\Downloads\Emertxe Project\Microwave Oven\oven.c estimated size: 1030

C:\Users\Rohit Shaw\Downloads\Emertxe Project\Microwave Oven\matrix_keypad.c
		_init_matrix_keypad		CODE           	0B56	0000	16
		_read_matrix_keypad		CODE           	0C26	0000	35
		_scan_keypad   		CODE           	05FE	0000	187

C:\Users\Rohit Shaw\Downloads\Emertxe Project\Microwave Oven\matrix_keypad.c estimated size: 238

C:\Users\Rohit Shaw\Downloads\Emertxe Project\Microwave Oven\timers.c
		_init_timer2   		CODE           	0B77	0000	20

C:\Users\Rohit Shaw\Downloads\Emertxe Project\Microwave Oven\timers.c estimated size: 20

