Microchip MPLAB XC8 Compiler V3.10

Linker command line:

-W-3 --edf=c:\PROGRA~1\MICROC~1\xc8\v3.10\pic\dat\20250813170317_en.msgs \
  -cn \
  -h+C:\Users\Rohit Shaw\Downloads\Emertxe Project\Microwave Oven\out\Microwave_Firmware\default.sym \
  --cmf=C:\Users\Rohit Shaw\Downloads\Emertxe Project\Microwave Oven\out\Microwave_Firmware\default.cmf \
  -z -Q16F877A \
  -oC:\Users\ROHITS~1\AppData\Local\Temp\xcAsiqw.0\driver_tmp_3.o \
  --defsym=__MPLAB_BUILD=1 --fixupoverflow=error -Mmem.map \
  --md=C:\Users\ROHITS~1\AppData\Local\Temp\xcAsiqw.0\driver_tmp_0.dat -E1 \
  -ver=XC8 Compiler -ACODE=00h-07FFhx4 -ASTRCODE=00h-01FFFh \
  -ASTRING=00h-0FFhx32 -ACONST=00h-0FFhx32 -AENTRY=00h-0FFhx32 \
  -ACOMMON=070h-07Fh -ABANK0=020h-06Fh -ABANK1=0A0h-0EFh \
  -ABANK2=0110h-016Fh -ABANK3=0190h-01EFh \
  -ARAM=020h-06Fh,0A0h-0EFh,0110h-016Fh,0190h-01EFh \
  -AABS1=020h-07Fh,0A0h-0EFh,0110h-016Fh,0190h-01EFh -ASFR0=00h-01Fh \
  -ASFR1=080h-09Fh -ASFR2=0100h-010Fh -ASFR3=0180h-018Fh \
  -ACONFIG=02007h-02007h -DCONFIG=2 -AIDLOC=02000h-02003h -DIDLOC=2 \
  -AEEDATA=00h-0FFh/02100h -peeprom_data=EEDATA -DEEDATA=2 -DCODE=2 \
  -DSTRCODE=2 -DSTRING=2 -DCONST=2 -DENTRY=2 \
  -preset_vec=00h,intentry=04h,sivt,init,end_init -ppowerup=CODE \
  -pcinit=CODE -pfunctab=ENTRY -k \
  C:\Users\ROHITS~1\AppData\Local\Temp\xcAsiqw.0\driver_tmp_10.o \
  C:\Users\Rohit Shaw\Downloads\Emertxe Project\Microwave Oven\out\Microwave_Firmware\default.o 

Object code version is 3.11

Machine type is 16F877A



                Name                               Link     Load   Length Selector   Space Scale
C:\Users\ROHITS~1\AppData\Local\Temp\xcAsiqw.0\driver_tmp_10.o
                end_init                              C        C        3        8       0
                reset_vec                             0        0        3        0       0
                config                             2007     2007        1        0       4
C:\Users\Rohit Shaw\Downloads\Emertxe Project\Microwave Oven\out\Microwave_Firmware\default.o
                cinit                                 F        F       19        8       0
                intentry                              4        4        8        8       0
                config                             2007     2007        1        0       4
                text31                              AE8      AE8       2B     15D0       0
                text30                              AC3      AC3       25     1586       0
                text29                              C3C      C3C       3E     1878       0
                text28                              BCE      BCE       36     179C       0
                text27                              B6D      B6D       2F     16DA       0
                text26                              9DA      9DA       11     13B4       0
                text25                              A14      A14       1C     1428       0
                text24                              9FF      9FF       15     13FE       0
                text23                              F55      F55       AB     1EAA       0
                text22                              A30      A30       1C     1460       0
                text21                              A4C      A4C       1C     1498       0
                text20                              B9C      B9C       32     1738       0
                text19                              D13      D13       8A     1A26       0
                text18                              A68      A68       1C     14D0       0
                text17                              493      493       63        8       0
                text16                              CBC      CBC       57     1978       0
                text15                              C7A      C7A       42     18F4       0
                text14                              C04      C04       38     1808       0
                text13                              E27      E27       97     1C4E       0
                text12                              D9D      D9D       8A     1B3A       0
                text11                              B13      B13       2D     1626       0
                text10                              6D8      6D8       B7      C3A       0
                text9                               EBE      EBE       97     1D7C       0
                text8                               B40      B40       2D     1680       0
                text7                               78F      78F       63      C3A       0
                text6                               7F2      7F2        B      C3A       0
                text5                               9CA      9CA       10     1394       0
                text4                               9EB      9EB       14     13D6       0
                text3                               A84      A84       1C     1508       0
                text2                               61D      61D       BB      C3A       0
                text1                               AA0      AA0       23     1540       0
                maintext                             28       28      46B        8       0
                cstackBANK0                          20       20       1E       20       1
                cstackCOMMON                         70       70        B       70       1
                bssBANK0                             3E       3E        F       20       1
                dataCOMMON                           7B       7B        1       70       1
                stringtext                          500      500      11D        A       0
                strings                             800      800       12     1000       0
                idataCOMMON                         7FD      7FD        1      C3A       0

TOTAL           Name                               Link     Load   Length     Space
        CLASS   CODE           
                end_init                              C        C        3         0
                cinit                                 F        F       19         0
                intentry                              4        4        8         0
                reset_vec                             0        0        3         0
                text31                              AE8      AE8       2B         0
                text30                              AC3      AC3       25         0
                text29                              C3C      C3C       3E         0
                text28                              BCE      BCE       36         0
                text27                              B6D      B6D       2F         0
                text26                              9DA      9DA       11         0
                text25                              A14      A14       1C         0
                text24                              9FF      9FF       15         0
                text23                              F55      F55       AB         0
                text22                              A30      A30       1C         0
                text21                              A4C      A4C       1C         0
                text20                              B9C      B9C       32         0
                text19                              D13      D13       8A         0
                text18                              A68      A68       1C         0
                text17                              493      493       63         0
                text16                              CBC      CBC       57         0
                text15                              C7A      C7A       42         0
                text14                              C04      C04       38         0
                text13                              E27      E27       97         0
                text12                              D9D      D9D       8A         0
                text11                              B13      B13       2D         0
                text10                              6D8      6D8       B7         0
                text9                               EBE      EBE       97         0
                text8                               B40      B40       2D         0
                text7                               78F      78F       63         0
                text6                               7F2      7F2        B         0
                text5                               9CA      9CA       10         0
                text4                               9EB      9EB       14         0
                text3                               A84      A84       1C         0
                text2                               61D      61D       BB         0
                text1                               AA0      AA0       23         0
                maintext                             28       28      46B         0
                idataCOMMON                         7FD      7FD        1         0

        CLASS   STRCODE        
                stringtext                          500      500      11D         0

        CLASS   STRING         
                strings                             800      800       12         0

        CLASS   CONST          

        CLASS   ENTRY          

        CLASS   COMMON         
                cstackCOMMON                         70       70        B         1
                dataCOMMON                           7B       7B        1         1

        CLASS   BANK0          
                cstackBANK0                          20       20       1E         1
                bssBANK0                             3E       3E        F         1

        CLASS   BANK1          

        CLASS   BANK2          

        CLASS   BANK3          

        CLASS   RAM            

        CLASS   ABS1           
                abs_s1                               7E       7E        2         1

        CLASS   SFR0           

        CLASS   SFR1           

        CLASS   SFR2           

        CLASS   SFR3           

        CLASS   CONFIG         
                config                             2007     2007        1         4

        CLASS   IDLOC          

        CLASS   EEDATA         

        CLASS   HEAP           

        CLASS   STACK          



SEGMENTS        Name                           Load    Length   Top    Selector   Space  Class     Delta

                reset_vec                      000000  000003  000003         0       0  CODE        2
                intentry                       000004  0004F2  0004F6         8       0  CODE        2
                cstackBANK0                    000020  00002D  00004D        20       1  BANK0       1
                cstackCOMMON                   000070  00000C  00007C        70       1  COMMON      1
                stringtext                     000500  00011D  00061D         A       0  STRCODE     2
                text2                          00061D  0001E1  0007FE       C3A       0  CODE        2
                strings                        000800  000012  000812      1000       0  STRING      2
                text5                          0009CA  000010  0009DA      1394       0  CODE        2
                text26                         0009DA  000011  0009EB      13B4       0  CODE        2
                text4                          0009EB  000014  0009FF      13D6       0  CODE        2
                text24                         0009FF  000015  000A14      13FE       0  CODE        2
                text25                         000A14  00001C  000A30      1428       0  CODE        2
                text22                         000A30  00001C  000A4C      1460       0  CODE        2
                text21                         000A4C  00001C  000A68      1498       0  CODE        2
                text18                         000A68  00001C  000A84      14D0       0  CODE        2
                text3                          000A84  00001C  000AA0      1508       0  CODE        2
                text1                          000AA0  000023  000AC3      1540       0  CODE        2
                text30                         000AC3  000025  000AE8      1586       0  CODE        2
                text31                         000AE8  00002B  000B13      15D0       0  CODE        2
                text11                         000B13  00002D  000B40      1626       0  CODE        2
                text8                          000B40  00002D  000B6D      1680       0  CODE        2
                text27                         000B6D  00002F  000B9C      16DA       0  CODE        2
                text20                         000B9C  000032  000BCE      1738       0  CODE        2
                text28                         000BCE  000036  000C04      179C       0  CODE        2
                text14                         000C04  000038  000C3C      1808       0  CODE        2
                text29                         000C3C  00003E  000C7A      1878       0  CODE        2
                text15                         000C7A  000042  000CBC      18F4       0  CODE        2
                text16                         000CBC  000057  000D13      1978       0  CODE        2
                text19                         000D13  00008A  000D9D      1A26       0  CODE        2
                text12                         000D9D  00008A  000E27      1B3A       0  CODE        2
                text13                         000E27  000097  000EBE      1C4E       0  CODE        2
                text9                          000EBE  000097  000F55      1D7C       0  CODE        2
                text23                         000F55  0000AB  001000      1EAA       0  CODE        2


UNUSED ADDRESS RANGES

        Name                Unused          Largest block    Delta
        BANK0            004D-006F             23           1
        BANK1            00A0-00EF             50           1
        BANK2            0110-016F             60           1
        BANK3            0190-01EF             60           1
        CODE             0003-0003              1           2
                         04F6-04FF              A
                         07FE-07FF              2
                         0812-09C9            1B8
                         1000-1FFF            800
        COMMON           007C-007D              2           1
        CONST            0003-0003              1           2
                         04F6-04FF              A
                         07FE-07FF              2
                         0812-09C9             EE
                         1000-1FFF            100
        EEDATA           2100-21FF            100           2
        ENTRY            0003-0003              1           2
                         04F6-04FF              A
                         07FE-07FF              2
                         0812-09C9             EE
                         1000-1FFF            100
        IDLOC            2000-2003              4           2
        RAM              004D-006F             23           1
                         00A0-00EF             50
                         0110-016F             60
                         0190-01EF             60
        SFR0             0000-001F             20           1
        SFR1             0080-009F             20           1
        SFR2             0100-010F             10           1
        SFR3             0180-018F             10           1
        STRCODE          0003-0003              1           2
                         04F6-04FF              A
                         07FE-07FF              2
                         0812-09C9            1B8
                         1000-1FFF           1000
        STRING           0003-0003              1           2
                         04F6-04FF              A
                         07FE-07FF              2
                         0812-09C9             EE
                         1000-1FFF            100

                                  Symbol Table

?___awdiv                                    cstackCOMMON 0072
?___awmod                                    cstackCOMMON 0072
?___lwdiv                                    cstackCOMMON 0072
?___lwmod                                    cstackCOMMON 0072
?___wmul                                     cstackCOMMON 0072
_GIE                                         (abs)        005F
_PEIE                                        (abs)        005E
_PORTD                                       (abs)        0008
_PR2                                         (abs)        0092
_RB0                                         (abs)        0030
_RB1                                         (abs)        0031
_RB2                                         (abs)        0032
_RC1                                         (abs)        0039
_RC2                                         (abs)        003A
_RD0                                         (abs)        0040
_RD1                                         (abs)        0041
_RD2                                         (abs)        0042
_RD3                                         (abs)        0043
_RE1                                         (abs)        0049
_RE2                                         (abs)        004A
_T2CKPS0                                     (abs)        0090
_T2CKPS1                                     (abs)        0091
_TMR2IE                                      (abs)        0461
_TMR2IF                                      (abs)        0061
_TMR2ON                                      (abs)        0092
_TRISB                                       (abs)        0086
_TRISC1                                      (abs)        0439
_TRISC2                                      (abs)        043A
_TRISD                                       (abs)        0088
_TRISE1                                      (abs)        0449
_TRISE2                                      (abs)        044A
__H__absolute__                              __absolute__ 0000
__Habs1                                      abs1         0000
__Hbank0                                     bank0        0000
__Hbank1                                     bank1        0000
__Hbank2                                     bank2        0000
__Hbank3                                     bank3        0000
__HbssBANK0                                  bssBANK0     0000
__Hcinit                                     cinit        0028
__Hclrtext                                   clrtext      0000
__Hcode                                      code         0000
__Hcommon                                    common       0000
__Hconfig                                    config       2008
__HcstackBANK0                               cstackBANK0  0000
__HcstackCOMMON                              cstackCOMMON 0000
__HdataCOMMON                                dataCOMMON   0000
__Heeprom_data                               eeprom_data  0000
__Hend_init                                  end_init     000F
__Hfunctab                                   functab      0000
__Hheap                                      heap         0000
__HidataCOMMON                               idataCOMMON  0000
__Hinit                                      init         000C
__Hintentry                                  intentry     000C
__Hmaintext                                  maintext     0000
__Hpowerup                                   powerup      0000
__Hram                                       ram          0000
__Hreset_vec                                 reset_vec    0003
__Hsfr0                                      sfr0         0000
__Hsfr1                                      sfr1         0000
__Hsfr2                                      sfr2         0000
__Hsfr3                                      sfr3         0000
__Hsivt                                      sivt         000C
__Hspace_0                                   (abs)        1000
__Hspace_1                                   (abs)        007C
__Hspace_2                                   (abs)        0000
__Hspace_3                                   (abs)        0000
__Hspace_4                                   (abs)        400F
__Hstack                                     stack        0000
__Hstrings                                   strings      0000
__Hstringtext                                stringtext   0000
__Htext                                      text         0000
__L__absolute__                              __absolute__ 0000
__Labs1                                      abs1         0000
__Lbank0                                     bank0        0000
__Lbank1                                     bank1        0000
__Lbank2                                     bank2        0000
__Lbank3                                     bank3        0000
__LbssBANK0                                  bssBANK0     0000
__Lcinit                                     cinit        000F
__Lclrtext                                   clrtext      0000
__Lcode                                      code         0000
__Lcommon                                    common       0000
__Lconfig                                    config       0000
__LcstackBANK0                               cstackBANK0  0000
__LcstackCOMMON                              cstackCOMMON 0000
__LdataCOMMON                                dataCOMMON   0000
__Leeprom_data                               eeprom_data  0000
__Lend_init                                  end_init     000C
__Lfunctab                                   functab      0000
__Lheap                                      heap         0000
__LidataCOMMON                               idataCOMMON  0000
__Linit                                      init         000C
__Lintentry                                  intentry     0004
__Lmaintext                                  maintext     0000
__Lpowerup                                   powerup      0000
__Lram                                       ram          0000
__Lreset_vec                                 reset_vec    0000
__Lsfr0                                      sfr0         0000
__Lsfr1                                      sfr1         0000
__Lsfr2                                      sfr2         0000
__Lsfr3                                      sfr3         0000
__Lsivt                                      sivt         000C
__Lspace_0                                   (abs)        0000
__Lspace_1                                   (abs)        0000
__Lspace_2                                   (abs)        0000
__Lspace_3                                   (abs)        0000
__Lspace_4                                   (abs)        0000
__Lstack                                     stack        0000
__Lstrings                                   strings      0000
__Lstringtext                                stringtext   0000
__Ltext                                      text         0000
__S0                                         (abs)        1000
__S1                                         (abs)        007C
__S3                                         (abs)        0000
___awdiv                                     text17       0493
___awdiv@counter                             cstackCOMMON 0076
___awdiv@dividend                            cstackCOMMON 0074
___awdiv@divisor                             cstackCOMMON 0072
___awdiv@quotient                            cstackCOMMON 0078
___awdiv@sign                                cstackCOMMON 0077
___awmod                                     text16       0CBC
___awmod@counter                             cstackCOMMON 0076
___awmod@dividend                            cstackCOMMON 0074
___awmod@divisor                             cstackCOMMON 0072
___awmod@sign                                cstackCOMMON 0077
___heap_hi                                   (abs)        0000
___heap_lo                                   (abs)        0000
___int_sp                                    stack        0000
___int_stack_hi                              stack        0000
___int_stack_lo                              stack        0000
___latbits                                   (abs)        0002
___lwdiv                                     text15       0C7A
___lwdiv@counter                             cstackCOMMON 0078
___lwdiv@dividend                            cstackCOMMON 0074
___lwdiv@divisor                             cstackCOMMON 0072
___lwdiv@quotient                            cstackCOMMON 0076
___lwmod                                     text14       0C04
___lwmod@counter                             cstackCOMMON 0076
___lwmod@dividend                            cstackCOMMON 0074
___lwmod@divisor                             cstackCOMMON 0072
___sp                                        stack        0000
___stack_hi                                  stack        0000
___stack_lo                                  stack        0000
___stackhi                                   (abs)        0000
___stacklo                                   (abs)        0000
___wmul                                      text30       0AC3
___wmul@multiplicand                         cstackCOMMON 0074
___wmul@multiplier                           cstackCOMMON 0072
___wmul@product                              cstackCOMMON 0076
__end_of___awdiv                             text17       04F6
__end_of___awmod                             text16       0D13
__end_of___lwdiv                             text15       0CBC
__end_of___lwmod                             text14       0C3C
__end_of___wmul                              text30       0AE8
__end_of__initialization                     cinit        0024
__end_of__stringtab                          strings      0812
__end_of_beep                                text29       0C7A
__end_of_clcd_print                          text27       0B9C
__end_of_clcd_putch                          text24       0A14
__end_of_clcd_write                          text28       0C04
__end_of_clear_screen                        text26       09EB
__end_of_display_convection_mode_banner      text25       0A30
__end_of_display_cooking_complete_screen     text23       1000
__end_of_display_grill_mode_power            text22       0A4C
__end_of_display_micro_mode_power            text21       0A68
__end_of_display_modes                       text20       0BCE
__end_of_display_power_screen                text19       0D9D
__end_of_display_preheat_banner              text18       0A84
__end_of_display_preheat_time_remaining      text13       0EBE
__end_of_display_temp                        text12       0E27
__end_of_display_temp_screen                 text11       0B40
__end_of_display_time                        text10       078F
__end_of_display_time_remaining              text9        0F55
__end_of_display_time_screen                 text8        0B6D
__end_of_init_clcd                           text6        07FD
__end_of_init_config                         text3        0AA0
__end_of_init_display_controller             text7        07F2
__end_of_init_matrix_keypad                  text5        09DA
__end_of_init_timer2                         text4        09FF
__end_of_isr                                 text31       0B13
__end_of_main                                maintext     0493
__end_of_read_matrix_keypad                  text1        0AC3
__end_of_scan_keypad                         text2        06D8
__initialization                             cinit        000F
__pbssBANK0                                  bssBANK0     003E
__pcstackBANK0                               cstackBANK0  0020
__pcstackCOMMON                              cstackCOMMON 0070
__pdataCOMMON                                dataCOMMON   007B
__pidataCOMMON                               idataCOMMON  07FD
__pintentry                                  intentry     0004
__pmaintext                                  maintext     0028
__pstrings                                   strings      0800
__pstringtext                                stringtext   0500
__ptext1                                     text1        0AA0
__ptext10                                    text10       06D8
__ptext11                                    text11       0B13
__ptext12                                    text12       0D9D
__ptext13                                    text13       0E27
__ptext14                                    text14       0C04
__ptext15                                    text15       0C7A
__ptext16                                    text16       0CBC
__ptext17                                    text17       0493
__ptext18                                    text18       0A68
__ptext19                                    text19       0D13
__ptext2                                     text2        061D
__ptext20                                    text20       0B9C
__ptext21                                    text21       0A4C
__ptext22                                    text22       0A30
__ptext23                                    text23       0F55
__ptext24                                    text24       09FF
__ptext25                                    text25       0A14
__ptext26                                    text26       09DA
__ptext27                                    text27       0B6D
__ptext28                                    text28       0BCE
__ptext29                                    text29       0C3C
__ptext3                                     text3        0A84
__ptext30                                    text30       0AC3
__ptext31                                    text31       0AE8
__ptext4                                     text4        09EB
__ptext5                                     text5        09CA
__ptext6                                     text6        07F2
__ptext7                                     text7        078F
__ptext8                                     text8        0B40
__ptext9                                     text9        0EBE
__stringbase                                 strings      0812
__stringtab                                  strings      0800
_beep                                        text29       0C3C
_clcd_print                                  text27       0B6D
_clcd_putch                                  text24       09FF
_clcd_write                                  text28       0BCE
_clear_screen                                text26       09DA
_display_convection_mode_banner              text25       0A14
_display_cooking_complete_screen             text23       0F55
_display_grill_mode_power                    text22       0A30
_display_micro_mode_power                    text21       0A4C
_display_modes                               text20       0B9C
_display_power_screen                        text19       0D13
_display_preheat_banner                      text18       0A68
_display_preheat_time_remaining              text13       0E27
_display_temp                                text12       0D9D
_display_temp_screen                         text11       0B13
_display_time                                text10       06D8
_display_time_remaining                      text9        0EBE
_display_time_screen                         text8        0B40
_init_clcd                                   text6        07F2
_init_config                                 text3        0A84
_init_display_controller                     text7        078F
_init_matrix_keypad                          text5        09CA
_init_timer2                                 text4        09EB
_isr                                         text31       0AE8
_last_total_seconds                          bssBANK0     003E
_main                                        maintext     0028
_nRBPU                                       (abs)        040F
_pos                                         bssBANK0     0045
_read_matrix_keypad                          text1        0AA0
_scan_keypad                                 text2        061D
_temp_digits                                 bssBANK0     004A
_temp_pos                                    bssBANK0     0044
_time_digits                                 bssBANK0     0046
_timer2_counter                              bssBANK0     0042
_total_seconds                               bssBANK0     0040
beep@count                                   cstackCOMMON 0075
beep@i                                       cstackCOMMON 0076
btemp                                        (abs)        007E
btemp0                                       (abs)        007E
btemp1                                       (abs)        007F
clcd_print@addr                              cstackCOMMON 0078
clcd_print@str                               cstackCOMMON 0076
clcd_putch@addr                              cstackCOMMON 007A
clcd_putch@data                              cstackBANK0  0020
clcd_write@byte                              cstackCOMMON 0075
clcd_write@mode                              cstackCOMMON 0072
display_cooking_complete_screen@i            cstackBANK0  0026
display_cooking_complete_screen@j            cstackBANK0  0024
display_power_screen@i                       cstackBANK0  0024
display_preheat_time_remaining@min           cstackBANK0  0025
display_preheat_time_remaining@sec           cstackBANK0  0026
display_preheat_time_remaining@total_seconds cstackBANK0  0021
display_temp@cursor_pos                      cstackBANK0  0022
display_temp@temp_digits                     cstackBANK0  0021
display_time@cursor_pos                      cstackBANK0  0022
display_time@time_digits                     cstackBANK0  0021
display_time_remaining@min                   cstackBANK0  0025
display_time_remaining@sec                   cstackBANK0  0026
display_time_remaining@total_seconds         cstackBANK0  0021
end_of_initialization                        cinit        0024
interrupt_function                           intentry     0004
intlevel0                                    functab      0000
intlevel1                                    functab      0000
intlevel2                                    functab      0000
intlevel3                                    functab      0000
intlevel4                                    functab      0000
intlevel5                                    functab      0000
ltemp0a                                      (abs)        0080
main@i                                       cstackBANK0  0036
main@i_164                                   cstackBANK0  0037
main@i_165                                   cstackBANK0  0038
main@i_166                                   cstackBANK0  0039
main@i_172                                   cstackBANK0  003A
main@i_174                                   cstackBANK0  003B
main@key                                     cstackBANK0  003D
main@screen_flag                             cstackBANK0  003C
main@temp_value                              cstackBANK0  0034
read_matrix_keypad@key                       cstackCOMMON 0075
read_matrix_keypad@mode                      cstackCOMMON 0074
read_matrix_keypad@once                      dataCOMMON   007B
reset_vec                                    reset_vec    0000
saved_w                                      (abs)        007E
scan_keypad@i                                cstackCOMMON 0072
start                                        init         000C
start_initialization                         cinit        000F
ttemp0a                                      (abs)        007F
wtemp0                                       (abs)        007E
wtemp0a                                      (abs)        007F


MODULE INFORMATION

Module		Function		Class		Link	Load	Size
C:\Users\Rohit Shaw\Downloads\Emertxe Project\Microwave Oven\main.c
		_main          		CODE           	0028	0000	1131
		_isr           		CODE           	0AE8	0000	43
		_init_config   		CODE           	0A84	0000	28

C:\Users\Rohit Shaw\Downloads\Emertxe Project\Microwave Oven\main.c estimated size: 1202

c:\PROGRA~1\MICROC~1\xc8\v3.10\pic\sources\c99\common\lwmod.c
		___lwmod       		CODE           	0C04	0000	56

c:\PROGRA~1\MICROC~1\xc8\v3.10\pic\sources\c99\common\lwmod.c estimated size: 56

c:\PROGRA~1\MICROC~1\xc8\v3.10\pic\sources\c99\common\awmod.c
		___awmod       		CODE           	0CBC	0000	87

c:\PROGRA~1\MICROC~1\xc8\v3.10\pic\sources\c99\common\awmod.c estimated size: 87

c:\PROGRA~1\MICROC~1\xc8\v3.10\pic\sources\c99\common\Umul16.c
		___wmul        		CODE           	0AC3	0000	37

c:\PROGRA~1\MICROC~1\xc8\v3.10\pic\sources\c99\common\Umul16.c estimated size: 37

C:\Users\Rohit Shaw\Downloads\Emertxe Project\Microwave Oven\clcd.c
		_clcd_write    		CODE           	0BCE	0000	54
		_clcd_print    		CODE           	0B6D	0000	47
		_clcd_putch    		CODE           	09FF	0000	21
		_init_display_controller		CODE           	078F	0000	99
		_init_clcd     		CODE           	07F2	0000	11

C:\Users\Rohit Shaw\Downloads\Emertxe Project\Microwave Oven\clcd.c estimated size: 232

c:\PROGRA~1\MICROC~1\xc8\v3.10\pic\sources\c99\common\lwdiv.c
		___lwdiv       		CODE           	0C7A	0000	66

c:\PROGRA~1\MICROC~1\xc8\v3.10\pic\sources\c99\common\lwdiv.c estimated size: 66

c:\PROGRA~1\MICROC~1\xc8\v3.10\pic\sources\c99\common\awdiv.c
		___awdiv       		CODE           	0493	0000	99

c:\PROGRA~1\MICROC~1\xc8\v3.10\pic\sources\c99\common\awdiv.c estimated size: 99

shared
		__stringtab    		STRING         	0800	0000	18
		__initialization		CODE           	000F	0000	21

shared estimated size: 39

C:\Users\Rohit Shaw\Downloads\Emertxe Project\Microwave Oven\oven.c
		_display_preheat_banner		CODE           	0A68	0000	28
		_display_time  		CODE           	06D8	0000	183
		_display_temp  		CODE           	0D9D	0000	138
		_display_modes 		CODE           	0B9C	0000	50
		_display_time_screen		CODE           	0B40	0000	45
		_display_temp_screen		CODE           	0B13	0000	45
		_display_preheat_time_remaining		CODE           	0E27	0000	151
		_display_power_screen		CODE           	0D13	0000	138
		_display_convection_mode_banner		CODE           	0A14	0000	28
		_clear_screen  		CODE           	09DA	0000	17
		_display_cooking_complete_screen		CODE           	0F55	0000	171
		_display_time_remaining		CODE           	0EBE	0000	151
		_display_grill_mode_power		CODE           	0A30	0000	28
		_display_micro_mode_power		CODE           	0A4C	0000	28

C:\Users\Rohit Shaw\Downloads\Emertxe Project\Microwave Oven\oven.c estimated size: 1201

C:\Users\Rohit Shaw\Downloads\Emertxe Project\Microwave Oven\matrix_keypad.c
		_init_matrix_keypad		CODE           	09CA	0000	16
		_read_matrix_keypad		CODE           	0AA0	0000	35
		_scan_keypad   		CODE           	061D	0000	187

C:\Users\Rohit Shaw\Downloads\Emertxe Project\Microwave Oven\matrix_keypad.c estimated size: 238

C:\Users\Rohit Shaw\Downloads\Emertxe Project\Microwave Oven\timers.c
		_init_timer2   		CODE           	09EB	0000	20

C:\Users\Rohit Shaw\Downloads\Emertxe Project\Microwave Oven\timers.c estimated size: 20

C:\Users\Rohit Shaw\Downloads\Emertxe Project\Microwave Oven\buzzer.c
		_beep          		CODE           	0C3C	0000	62

C:\Users\Rohit Shaw\Downloads\Emertxe Project\Microwave Oven\buzzer.c estimated size: 62

